
> advaced@0.0.0 build
> vite build

[36mvite v8.0.0-beta.18 [32mbuilding client environment for production...[36m[39m
[2Ktransforming...✓ 1813 modules transformed.
[31m✗[39m Build failed in 921ms
[31merror during build:
[31mBuild failed with 2 errors:

[31m[UNRESOLVED_IMPORT] Error:[0m Could not resolve '../../../global' in src/pages/Centurian/centurian.jsx
   [38;5;246m╭[0m[38;5;246m─[0m[38;5;246m[[0m src/pages/Centurian/centurian.jsx:3:42 [38;5;246m][0m
   [38;5;246m│[0m
 [38;5;246m3 │[0m [38;5;249mi[0m[38;5;249mm[0m[38;5;249mp[0m[38;5;249mo[0m[38;5;249mr[0m[38;5;249mt[0m[38;5;249m [0m[38;5;249m{[0m[38;5;249m [0m[38;5;249md[0m[38;5;249mi[0m[38;5;249mg[0m[38;5;249mi[0m[38;5;249mt[0m[38;5;249ma[0m[38;5;249ml[0m[38;5;249mC[0m[38;5;249ma[0m[38;5;249mr[0m[38;5;249md[0m[38;5;249mD[0m[38;5;249ma[0m[38;5;249mt[0m[38;5;249ma[0m[38;5;249mC[0m[38;5;249me[0m[38;5;249mn[0m[38;5;249mt[0m[38;5;249mu[0m[38;5;249mr[0m[38;5;249mi[0m[38;5;249mo[0m[38;5;249mn[0m[38;5;249m [0m[38;5;249m}[0m[38;5;249m [0m[38;5;249mf[0m[38;5;249mr[0m[38;5;249mo[0m[38;5;249mm[0m[38;5;249m [0m"../../../global"[38;5;249m;[0m
 [38;5;240m  │[0m                                          ────────┬────────  
 [38;5;240m  │[0m                                                  ╰────────── Module not found.
 [38;5;240m  │[0m 
 [38;5;240m  │[0m [38;5;115mHelp[0m: 'src/pages/Centurian/centurian.jsx' is imported by the following path:
 [38;5;240m  │[0m         - src/pages/Centurian/centurian.jsx
 [38;5;240m  │[0m         - src/App.jsx
 [38;5;240m  │[0m         - src/main.jsx
 [38;5;240m  │[0m         - index.html
[38;5;246m───╯[0m

[31m[UNRESOLVED_IMPORT] Error:[0m Could not resolve '../../../components/FloatingLines.tsx' in src/pages/Centurian/centurian.jsx
   [38;5;246m╭[0m[38;5;246m─[0m[38;5;246m[[0m src/pages/Centurian/centurian.jsx:7:41 [38;5;246m][0m
   [38;5;246m│[0m
 [38;5;246m7 │[0m [38;5;249mc[0m[38;5;249mo[0m[38;5;249mn[0m[38;5;249ms[0m[38;5;249mt[0m[38;5;249m [0m[38;5;249mF[0m[38;5;249ml[0m[38;5;249mo[0m[38;5;249ma[0m[38;5;249mt[0m[38;5;249mi[0m[38;5;249mn[0m[38;5;249mg[0m[38;5;249mL[0m[38;5;249mi[0m[38;5;249mn[0m[38;5;249me[0m[38;5;249ms[0m[38;5;249m [0m[38;5;249m=[0m[38;5;249m [0m[38;5;249ml[0m[38;5;249ma[0m[38;5;249mz[0m[38;5;249my[0m[38;5;249m([0m[38;5;249m([0m[38;5;249m)[0m[38;5;249m [0m[38;5;249m=[0m[38;5;249m>[0m[38;5;249m [0m[38;5;249mi[0m[38;5;249mm[0m[38;5;249mp[0m[38;5;249mo[0m[38;5;249mr[0m[38;5;249mt[0m[38;5;249m([0m"../../../components/FloatingLines.tsx"[38;5;249m)[0m[38;5;249m)[0m[38;5;249m;[0m
 [38;5;240m  │[0m                                         ───────────────────┬───────────────────  
 [38;5;240m  │[0m                                                            ╰───────────────────── Module not found.
 [38;5;240m  │[0m 
 [38;5;240m  │[0m [38;5;115mHelp[0m: 'src/pages/Centurian/centurian.jsx' is imported by the following path:
 [38;5;240m  │[0m         - src/pages/Centurian/centurian.jsx
 [38;5;240m  │[0m         - src/App.jsx
 [38;5;240m  │[0m         - src/main.jsx
 [38;5;240m  │[0m         - index.html
[38;5;246m───╯[0m
[31m
    at aggregateBindingErrorsIntoJsError (file:///e:/Ansely/aansely-card/node_modules/rolldown/dist/shared/error-tpgdcGrK.mjs:48:18)
    at unwrapBindingResult (file:///e:/Ansely/aansely-card/node_modules/rolldown/dist/shared/error-tpgdcGrK.mjs:18:128)
    at #build (file:///e:/Ansely/aansely-card/node_modules/rolldown/dist/shared/rolldown-build-r9VyalQ4.mjs:3311:34)
    at async buildEnvironment (file:///e:/Ansely/aansely-card/node_modules/vite/dist/node/chunks/node.js:32793:64)
    at async Object.build (file:///e:/Ansely/aansely-card/node_modules/vite/dist/node/chunks/node.js:33215:19)
    at async Object.buildApp (file:///e:/Ansely/aansely-card/node_modules/vite/dist/node/chunks/node.js:33212:153)
    at async CAC.<anonymous> (file:///e:/Ansely/aansely-card/node_modules/vite/dist/node/cli.js:778:3) {
  errors: [Getter/Setter]
}[39m
